src/api-services/accessService.ts(1,40): error TS2307: Cannot find module '@/types/access' or its corresponding type declarations.
src/api-services/appService.ts(2,21): error TS2307: Cannot find module '@/types/app' or its corresponding type declarations.
src/api-services/appService.ts(4,40): error TS2307: Cannot find module '@/types/enums' or its corresponding type declarations.
src/api-services/gitIntegrationService.ts(2,33): error TS2307: Cannot find module '@/types/settings' or its corresponding type declarations.
src/api-services/integrationService.ts(2,54): error TS2307: Cannot find module '@/types/settings' or its corresponding type declarations.
src/api-services/invoiceService.ts(2,25): error TS2307: Cannot find module '@/types/invoices' or its corresponding type declarations.
src/api-services/notificationService.ts(2,30): error TS2307: Cannot find module '@/types/notification' or its corresponding type declarations.
src/api-services/plansService.ts(2,93): error TS2307: Cannot find module '@/types/plans' or its corresponding type declarations.
src/api-services/profileService.ts(2,34): error TS2307: Cannot find module '@/types/profile' or its corresponding type declarations.
src/api-services/settingsService.ts(2,58): error TS2307: Cannot find module '@/types/settings' or its corresponding type declarations.
src/api-services/siteService.ts(2,22): error TS2307: Cannot find module '@/types/site' or its corresponding type declarations.
src/api-services/siteService.ts(3,31): error TS2307: Cannot find module '@/types/enums' or its corresponding type declarations.
src/api-services/softwareService.ts(2,26): error TS2307: Cannot find module '@/types/software' or its corresponding type declarations.
src/api-services/softwareService.ts(5,45): error TS2307: Cannot find module '@/types/enums' or its corresponding type declarations.
src/api-services/softwareService.ts(114,59): error TS2307: Cannot find module '@/types/software' or its corresponding type declarations.
src/api-services/softwareService.ts(128,69): error TS2307: Cannot find module '@/types/software' or its corresponding type declarations.
src/api-services/softwareService.ts(128,122): error TS2307: Cannot find module '@/types/software' or its corresponding type declarations.
src/api-services/supportService.ts(2,64): error TS2307: Cannot find module '@/types/support' or its corresponding type declarations.
src/api-services/supportService.ts(3,46): error TS2307: Cannot find module '@/types/enums' or its corresponding type declarations.
src/api-services/teamService.ts(2,85): error TS2307: Cannot find module '@/types/team' or its corresponding type declarations.
src/api-services/teamService.ts(3,23): error TS2307: Cannot find module 'sonner' or its corresponding type declarations.
src/api-services/workspaceService.ts(3,27): error TS2307: Cannot find module '@/types/workspace' or its corresponding type declarations.
src/api-services/workspaceService.ts(4,38): error TS2307: Cannot find module '@/lib/constants' or its corresponding type declarations.
src/api-services/workspaceService.ts(5,36): error TS2307: Cannot find module '@/types/billing' or its corresponding type declarations.
src/api-services/workspaceService.ts(136,74): error TS2307: Cannot find module '@/types/billing' or its corresponding type declarations.
src/api-services/workspaceService.ts(221,35): error TS2307: Cannot find module '@/types/billing' or its corresponding type declarations.
src/pages/About.tsx(140,38): error TS2339: Property 'impact' does not exist on type '{ badge: string; title: string; titleAccent: string; desc: string; story: { title: string; text: string; }; values: { icon: string; title: string; desc: string; }[]; impact: { title: string; desc: string; stats: { ...; }[]; }; } | { ...; } | { ...; } | { ...; }'.
  Property 'impact' does not exist on type '{ badge: string; title: string; titleAccent: string; desc: string; story: { title: string; text: string; }; values: { icon: string; title: string; desc: string; }[]; }'.
src/pages/About.tsx(143,38): error TS2339: Property 'impact' does not exist on type '{ badge: string; title: string; titleAccent: string; desc: string; story: { title: string; text: string; }; values: { icon: string; title: string; desc: string; }[]; impact: { title: string; desc: string; stats: { ...; }[]; }; } | { ...; } | { ...; } | { ...; }'.
  Property 'impact' does not exist on type '{ badge: string; title: string; titleAccent: string; desc: string; story: { title: string; text: string; }; values: { icon: string; title: string; desc: string; }[]; }'.
src/pages/About.tsx(148,34): error TS2339: Property 'impact' does not exist on type '{ badge: string; title: string; titleAccent: string; desc: string; story: { title: string; text: string; }; values: { icon: string; title: string; desc: string; }[]; impact: { title: string; desc: string; stats: { ...; }[]; }; } | { ...; } | { ...; } | { ...; }'.
  Property 'impact' does not exist on type '{ badge: string; title: string; titleAccent: string; desc: string; story: { title: string; text: string; }; values: { icon: string; title: string; desc: string; }[]; }'.
src/pages/About.tsx(148,52): error TS7006: Parameter 'stat' implicitly has an 'any' type.
src/pages/About.tsx(148,58): error TS7006: Parameter 'i' implicitly has an 'any' type.
src/pages/Careers.tsx(155,118): error TS2339: Property 'desc' does not exist on type '{ title: string; desc: string; fullName: string; email: string; phone: string; position: string; resume: string; linkedin: string; coverLetter: string; submit: string; success: string; error: string; } | { ...; } | { ...; } | { ...; }'.
  Property 'desc' does not exist on type '{ title: string; fullName: string; email: string; phone: string; position: string; resume: string; linkedin: string; coverLetter: string; submit: string; success: string; error: string; }'.
src/pages/HelpCenter.tsx(25,28): error TS2339: Property 'helpPage' does not exist on type '{ nav: { howItWorks: string; benefits: string; forWho: string; testimonials: string; pricing: string; login: string; }; hero: { badge: string; title: string; titleAccent: string; titleSuffix: string; desc: string; ctaStart: string; ctaDemo: string; }; ... 19 more ...; loginModal: { ...; }; } | { ...; } | { ...; } | ...'.
  Property 'helpPage' does not exist on type '{ nav: { howItWorks: string; benefits: string; forWho: string; testimonials: string; pricing: string; login: string; }; hero: { badge: string; title: string; titleAccent: string; titleSuffix: string; desc: string; ctaStart: string; ctaDemo: string; }; ... 17 more ...; loginModal: { ...; }; }'.
src/pages/HelpCenter.tsx(29,24): error TS2339: Property 'helpPage' does not exist on type '{ nav: { howItWorks: string; benefits: string; forWho: string; testimonials: string; pricing: string; login: string; }; hero: { badge: string; title: string; titleAccent: string; titleSuffix: string; desc: string; ctaStart: string; ctaDemo: string; }; ... 19 more ...; loginModal: { ...; }; } | { ...; } | { ...; } | ...'.
  Property 'helpPage' does not exist on type '{ nav: { howItWorks: string; benefits: string; forWho: string; testimonials: string; pricing: string; login: string; }; hero: { badge: string; title: string; titleAccent: string; titleSuffix: string; desc: string; ctaStart: string; ctaDemo: string; }; ... 17 more ...; loginModal: { ...; }; }'.
src/pages/HelpCenter.tsx(29,81): error TS2339: Property 'helpPage' does not exist on type '{ nav: { howItWorks: string; benefits: string; forWho: string; testimonials: string; pricing: string; login: string; }; hero: { badge: string; title: string; titleAccent: string; titleSuffix: string; desc: string; ctaStart: string; ctaDemo: string; }; ... 19 more ...; loginModal: { ...; }; } | { ...; } | { ...; } | ...'.
  Property 'helpPage' does not exist on type '{ nav: { howItWorks: string; benefits: string; forWho: string; testimonials: string; pricing: string; login: string; }; hero: { badge: string; title: string; titleAccent: string; titleSuffix: string; desc: string; ctaStart: string; ctaDemo: string; }; ... 17 more ...; loginModal: { ...; }; }'.
src/pages/HelpCenter.tsx(38,44): error TS2339: Property 'helpPage' does not exist on type '{ nav: { howItWorks: string; benefits: string; forWho: string; testimonials: string; pricing: string; login: string; }; hero: { badge: string; title: string; titleAccent: string; titleSuffix: string; desc: string; ctaStart: string; ctaDemo: string; }; ... 19 more ...; loginModal: { ...; }; } | { ...; } | { ...; } | ...'.
  Property 'helpPage' does not exist on type '{ nav: { howItWorks: string; benefits: string; forWho: string; testimonials: string; pricing: string; login: string; }; hero: { badge: string; title: string; titleAccent: string; titleSuffix: string; desc: string; ctaStart: string; ctaDemo: string; }; ... 17 more ...; loginModal: { ...; }; }'.
src/pages/HelpCenter.tsx(49,24): error TS2339: Property 'helpPage' does not exist on type '{ nav: { howItWorks: string; benefits: string; forWho: string; testimonials: string; pricing: string; login: string; }; hero: { badge: string; title: string; titleAccent: string; titleSuffix: string; desc: string; ctaStart: string; ctaDemo: string; }; ... 19 more ...; loginModal: { ...; }; } | { ...; } | { ...; } | ...'.
  Property 'helpPage' does not exist on type '{ nav: { howItWorks: string; benefits: string; forWho: string; testimonials: string; pricing: string; login: string; }; hero: { badge: string; title: string; titleAccent: string; titleSuffix: string; desc: string; ctaStart: string; ctaDemo: string; }; ... 17 more ...; loginModal: { ...; }; }'.
src/pages/HelpCenter.tsx(52,24): error TS2339: Property 'helpPage' does not exist on type '{ nav: { howItWorks: string; benefits: string; forWho: string; testimonials: string; pricing: string; login: string; }; hero: { badge: string; title: string; titleAccent: string; titleSuffix: string; desc: string; ctaStart: string; ctaDemo: string; }; ... 19 more ...; loginModal: { ...; }; } | { ...; } | { ...; } | ...'.
  Property 'helpPage' does not exist on type '{ nav: { howItWorks: string; benefits: string; forWho: string; testimonials: string; pricing: string; login: string; }; hero: { badge: string; title: string; titleAccent: string; titleSuffix: string; desc: string; ctaStart: string; ctaDemo: string; }; ... 17 more ...; loginModal: { ...; }; }'.
src/pages/HelpCenter.tsx(52,45): error TS7006: Parameter 'topic' implicitly has an 'any' type.
src/pages/HelpCenter.tsx(72,28): error TS2339: Property 'helpPage' does not exist on type '{ nav: { howItWorks: string; benefits: string; forWho: string; testimonials: string; pricing: string; login: string; }; hero: { badge: string; title: string; titleAccent: string; titleSuffix: string; desc: string; ctaStart: string; ctaDemo: string; }; ... 19 more ...; loginModal: { ...; }; } | { ...; } | { ...; } | ...'.
  Property 'helpPage' does not exist on type '{ nav: { howItWorks: string; benefits: string; forWho: string; testimonials: string; pricing: string; login: string; }; hero: { badge: string; title: string; titleAccent: string; titleSuffix: string; desc: string; ctaStart: string; ctaDemo: string; }; ... 17 more ...; loginModal: { ...; }; }'.
src/pages/HelpCenter.tsx(76,28): error TS2339: Property 'helpPage' does not exist on type '{ nav: { howItWorks: string; benefits: string; forWho: string; testimonials: string; pricing: string; login: string; }; hero: { badge: string; title: string; titleAccent: string; titleSuffix: string; desc: string; ctaStart: string; ctaDemo: string; }; ... 19 more ...; loginModal: { ...; }; } | { ...; } | { ...; } | ...'.
  Property 'helpPage' does not exist on type '{ nav: { howItWorks: string; benefits: string; forWho: string; testimonials: string; pricing: string; login: string; }; hero: { badge: string; title: string; titleAccent: string; titleSuffix: string; desc: string; ctaStart: string; ctaDemo: string; }; ... 17 more ...; loginModal: { ...; }; }'.
src/pages/HelpCenter.tsx(76,52): error TS7006: Parameter 'faq' implicitly has an 'any' type.
src/pages/HelpCenter.tsx(76,57): error TS7006: Parameter 'i' implicitly has an 'any' type.
src/pages/Roadmap.tsx(22,106): error TS2339: Property 'roadmapPage' does not exist on type '{ nav: { howItWorks: string; benefits: string; forWho: string; testimonials: string; pricing: string; login: string; }; hero: { badge: string; title: string; titleAccent: string; titleSuffix: string; desc: string; ctaStart: string; ctaDemo: string; }; ... 19 more ...; loginModal: { ...; }; } | { ...; } | { ...; } | ...'.
  Property 'roadmapPage' does not exist on type '{ nav: { howItWorks: string; benefits: string; forWho: string; testimonials: string; pricing: string; login: string; }; hero: { badge: string; title: string; titleAccent: string; titleSuffix: string; desc: string; ctaStart: string; ctaDemo: string; }; ... 17 more ...; loginModal: { ...; }; }'.
src/pages/Roadmap.tsx(25,24): error TS2339: Property 'roadmapPage' does not exist on type '{ nav: { howItWorks: string; benefits: string; forWho: string; testimonials: string; pricing: string; login: string; }; hero: { badge: string; title: string; titleAccent: string; titleSuffix: string; desc: string; ctaStart: string; ctaDemo: string; }; ... 19 more ...; loginModal: { ...; }; } | { ...; } | { ...; } | ...'.
  Property 'roadmapPage' does not exist on type '{ nav: { howItWorks: string; benefits: string; forWho: string; testimonials: string; pricing: string; login: string; }; hero: { badge: string; title: string; titleAccent: string; titleSuffix: string; desc: string; ctaStart: string; ctaDemo: string; }; ... 17 more ...; loginModal: { ...; }; }'.
src/pages/Roadmap.tsx(25,84): error TS2339: Property 'roadmapPage' does not exist on type '{ nav: { howItWorks: string; benefits: string; forWho: string; testimonials: string; pricing: string; login: string; }; hero: { badge: string; title: string; titleAccent: string; titleSuffix: string; desc: string; ctaStart: string; ctaDemo: string; }; ... 19 more ...; loginModal: { ...; }; } | { ...; } | { ...; } | ...'.
  Property 'roadmapPage' does not exist on type '{ nav: { howItWorks: string; benefits: string; forWho: string; testimonials: string; pricing: string; login: string; }; hero: { badge: string; title: string; titleAccent: string; titleSuffix: string; desc: string; ctaStart: string; ctaDemo: string; }; ... 17 more ...; loginModal: { ...; }; }'.
src/pages/Roadmap.tsx(28,24): error TS2339: Property 'roadmapPage' does not exist on type '{ nav: { howItWorks: string; benefits: string; forWho: string; testimonials: string; pricing: string; login: string; }; hero: { badge: string; title: string; titleAccent: string; titleSuffix: string; desc: string; ctaStart: string; ctaDemo: string; }; ... 19 more ...; loginModal: { ...; }; } | { ...; } | { ...; } | ...'.
  Property 'roadmapPage' does not exist on type '{ nav: { howItWorks: string; benefits: string; forWho: string; testimonials: string; pricing: string; login: string; }; hero: { badge: string; title: string; titleAccent: string; titleSuffix: string; desc: string; ctaStart: string; ctaDemo: string; }; ... 17 more ...; loginModal: { ...; }; }'.
src/pages/Roadmap.tsx(38,24): error TS2339: Property 'roadmapPage' does not exist on type '{ nav: { howItWorks: string; benefits: string; forWho: string; testimonials: string; pricing: string; login: string; }; hero: { badge: string; title: string; titleAccent: string; titleSuffix: string; desc: string; ctaStart: string; ctaDemo: string; }; ... 19 more ...; loginModal: { ...; }; } | { ...; } | { ...; } | ...'.
  Property 'roadmapPage' does not exist on type '{ nav: { howItWorks: string; benefits: string; forWho: string; testimonials: string; pricing: string; login: string; }; hero: { badge: string; title: string; titleAccent: string; titleSuffix: string; desc: string; ctaStart: string; ctaDemo: string; }; ... 17 more ...; loginModal: { ...; }; }'.
src/pages/Roadmap.tsx(38,52): error TS7006: Parameter 'milestone' implicitly has an 'any' type.
src/pages/Roadmap.tsx(38,63): error TS7006: Parameter 'idx' implicitly has an 'any' type.
