src/api-services/appService.ts(48,29): error TS2339: Property 'domain' does not exist on type 'Partial<App> & { name: string; }'.
src/api-services/appService.ts(49,27): error TS2339: Property 'type' does not exist on type 'Partial<App> & { name: string; }'.
src/api-services/appService.ts(50,29): error TS2339: Property 'status' does not exist on type 'Partial<App> & { name: string; }'.
src/api-services/appService.ts(54,37): error TS2339: Property 'repository_url' does not exist on type 'Partial<App> & { name: string; }'.
src/api-services/appService.ts(55,29): error TS2339: Property 'readme' does not exist on type 'Partial<App> & { name: string; }'.
src/api-services/appService.ts(56,33): error TS2339: Property 'rls_config' does not exist on type 'Partial<App> & { name: string; }'.
src/api-services/appService.ts(78,33): error TS2339: Property 'domain' does not exist on type 'Partial<App>'.
src/api-services/appService.ts(79,33): error TS2339: Property 'status' does not exist on type 'Partial<App>'.
src/api-services/appService.ts(80,41): error TS2339: Property 'repository_url' does not exist on type 'Partial<App>'.
src/api-services/appService.ts(81,33): error TS2339: Property 'readme' does not exist on type 'Partial<App>'.
src/api-services/appService.ts(82,37): error TS2339: Property 'rls_config' does not exist on type 'Partial<App>'.
src/api-services/teamService.ts(3,23): error TS2307: Cannot find module 'sonner' or its corresponding type declarations.
src/pages/About.tsx(140,38): error TS2339: Property 'impact' does not exist on type '{ badge: string; title: string; titleAccent: string; desc: string; story: { title: string; text: string; }; values: { icon: string; title: string; desc: string; }[]; impact: { title: string; desc: string; stats: { ...; }[]; }; } | { ...; } | { ...; } | { ...; }'.
  Property 'impact' does not exist on type '{ badge: string; title: string; titleAccent: string; desc: string; story: { title: string; text: string; }; values: { icon: string; title: string; desc: string; }[]; }'.
src/pages/About.tsx(143,38): error TS2339: Property 'impact' does not exist on type '{ badge: string; title: string; titleAccent: string; desc: string; story: { title: string; text: string; }; values: { icon: string; title: string; desc: string; }[]; impact: { title: string; desc: string; stats: { ...; }[]; }; } | { ...; } | { ...; } | { ...; }'.
  Property 'impact' does not exist on type '{ badge: string; title: string; titleAccent: string; desc: string; story: { title: string; text: string; }; values: { icon: string; title: string; desc: string; }[]; }'.
src/pages/About.tsx(148,34): error TS2339: Property 'impact' does not exist on type '{ badge: string; title: string; titleAccent: string; desc: string; story: { title: string; text: string; }; values: { icon: string; title: string; desc: string; }[]; impact: { title: string; desc: string; stats: { ...; }[]; }; } | { ...; } | { ...; } | { ...; }'.
  Property 'impact' does not exist on type '{ badge: string; title: string; titleAccent: string; desc: string; story: { title: string; text: string; }; values: { icon: string; title: string; desc: string; }[]; }'.
src/pages/About.tsx(148,52): error TS7006: Parameter 'stat' implicitly has an 'any' type.
src/pages/About.tsx(148,58): error TS7006: Parameter 'i' implicitly has an 'any' type.
src/pages/Careers.tsx(155,118): error TS2339: Property 'desc' does not exist on type '{ title: string; desc: string; fullName: string; email: string; phone: string; position: string; resume: string; linkedin: string; coverLetter: string; submit: string; success: string; error: string; } | { ...; } | { ...; } | { ...; }'.
  Property 'desc' does not exist on type '{ title: string; fullName: string; email: string; phone: string; position: string; resume: string; linkedin: string; coverLetter: string; submit: string; success: string; error: string; }'.
